#-----------------------------------------------------------
# Vivado v2024.1.1 (64-bit)
# SW Build 5094488 on Fri Jun 14 08:59:21 MDT 2024
# IP Build 5091682 on Fri Jun 14 16:55:04 MDT 2024
# SharedData Build 5094118 on Fri Jun 14 01:09:43 MDT 2024
# Start of session at: Sat Sep 21 16:33:48 2024
# Process ID: 15084
# Current directory: C:/Users/janim/INEL5206-Switching2/BCDtoSevenSegment/BCDtoSevenSegment.runs/impl_1
# Command line: vivado.exe -log System.vdi -applog -product Vivado -messageDb vivado.pb -mode batch -source System.tcl -notrace
# Log file: C:/Users/janim/INEL5206-Switching2/BCDtoSevenSegment/BCDtoSevenSegment.runs/impl_1/System.vdi
# Journal file: C:/Users/janim/INEL5206-Switching2/BCDtoSevenSegment/BCDtoSevenSegment.runs/impl_1\vivado.jou
# Running On        :LAPTOP-ON6Q1QQI
# Platform          :Windows Server 2016 or Windows 10
# Operating System  :22631
# Processor Detail  :Intel(R) Core(TM) i7-1065G7 CPU @ 1.30GHz
# CPU Frequency     :1498 MHz
# CPU Physical cores:4
# CPU Logical cores :8
# Host memory       :8278 MB
# Swap memory       :7281 MB
# Total Virtual     :15560 MB
# Available Virtual :3119 MB
#-----------------------------------------------------------
source System.tcl -notrace
